Prompts: 150  Judge labels available: 150
  [25/150] 13.9/s
  [50/150] 13.7/s
  [75/150] 13.6/s
  [100/150] 13.6/s
  [125/150] 13.5/s
  [150/150] 13.5/s
Total classify time: 11.1s

=== METRICS ===
Mooter tier distribution: {'T0': 67, 'T3': 48, 'T1': 3, 'T2': 32}
Judge tier distribution:  {'T1': 34, 'T0': 31, 'T2': 48, 'T3': 37}
Expected tier distribution: {'T0': 40, 'T1': 30, 'T2': 35, 'T3': 45}

ECE Mooter vs Judge: 0.1710
ECE Mooter vs Expected: 0.1243

Scored against JUDGE:
baseline                acc_exact  acc_within1     cw_err
  mooter_tier               0.627        0.920      0.477
  b_tenline                 0.453        0.907      0.715
  b_always_T2               0.320        0.793      0.480
  b_length                  0.320        0.820      1.035
  b_random_seed3            0.307        0.640      1.096
  b_random_seed1            0.300        0.647      1.227
  b_always_T3               0.247        0.567      0.587
  b_always_T1               0.227        0.753      1.122
  b_random_seed2            0.213        0.573      1.565
  b_always_T0               0.207        0.433      3.160

Scored against EXPECTED (my labels):
  mooter_tier               0.720        0.940      0.401
  b_tenline                 0.560        0.867      0.697
  b_length                  0.393        0.787      1.029
  b_random_seed3            0.327        0.600      1.197
  b_always_T3               0.300        0.533      0.630
  b_random_seed1            0.273        0.593      1.371
  b_always_T0               0.267        0.467      3.300
  b_always_T2               0.233        0.733      0.573
  b_random_seed2            0.220        0.567      1.643
  b_always_T1               0.200        0.700      1.213


--- Mooter vs Judge (rows=judge truth) ---
              predicted
              T0   T1   T2   T3
         +------------------------
truth T0 |  30    0    0    1
truth T1 |  26    3    5    0
truth T2 |  10    0   26   12
truth T3 |   1    0    1   35

--- Mooter vs Expected ---
              predicted
              T0   T1   T2   T3
         +------------------------
truth T0 |  39    0    0    1
truth T1 |  20    3    7    0
truth T2 |   6    0   24    5
truth T3 |   2    0    1   42

--- Expected vs Judge (sanity: my labels vs gemma) ---
              predicted
              T0   T1   T2   T3
         +------------------------
truth T0 |  30    1    0    0
truth T1 |  10   24    0    0
truth T2 |   0    5   35    8
truth T3 |   0    0    0   37

--- Tenline-classifier vs Judge ---
              predicted
              T0   T1   T2   T3
         +------------------------
truth T0 |  30    1    0    0
truth T1 |  19   15    0    0
truth T2 |   0   45    0    3
truth T3 |   0   14    0   23

--- Length-heuristic vs Judge ---
              predicted
              T0   T1   T2   T3
         +------------------------
truth T0 |  30    1    0    0
truth T1 |  19   15    0    0
truth T2 |   0   45    3    0
truth T3 |   0   27   10    0
